127.0.0.1 - - [19/Nov/2016:09:19:38 -0200] "GET / HTTP/1.1" 404 994
192.168.2.48 - - [19/Nov/2016:09:50:45 -0200] "POST /GaveteiroApi/login HTTP/1.1" 200 513
192.168.2.48 - - [19/Nov/2016:09:51:15 -0200] "POST /GaveteiroApi/login HTTP/1.1" 200 513
192.168.2.48 - - [19/Nov/2016:09:51:18 -0200] "GET /GaveteiroApi/empresa/1/pedido?ultimo=true HTTP/1.1" 200 543
192.168.2.48 - - [19/Nov/2016:09:51:26 -0200] "GET /GaveteiroApi/empresa/1/pedido HTTP/1.1" 200 1298
192.168.2.48 - - [19/Nov/2016:09:51:32 -0200] "GET /GaveteiroApi/pedido/4 HTTP/1.1" 200 541
192.168.2.48 - - [19/Nov/2016:09:51:37 -0200] "GET /GaveteiroApi/empresa/1/pedido HTTP/1.1" 200 1298
192.168.2.48 - - [19/Nov/2016:09:52:26 -0200] "GET /GaveteiroApi/empresa/1/pedido HTTP/1.1" 200 1298
192.168.2.48 - - [19/Nov/2016:09:52:32 -0200] "GET /GaveteiroApi/pedido/4 HTTP/1.1" 200 541
192.168.2.48 - - [19/Nov/2016:09:52:41 -0200] "GET /GaveteiroApi/empresa/1/pedido HTTP/1.1" 200 1298
192.168.2.48 - - [19/Nov/2016:11:54:08 -0200] "POST /GaveteiroApi/login HTTP/1.1" 200 513
192.168.2.48 - - [19/Nov/2016:11:54:09 -0200] "GET /GaveteiroApi/empresa/1/pedido?ultimo=true HTTP/1.1" 200 543
192.168.2.48 - - [19/Nov/2016:11:54:13 -0200] "GET /GaveteiroApi/empresa/1/pedido HTTP/1.1" 200 1298
192.168.2.48 - - [19/Nov/2016:11:54:17 -0200] "GET /GaveteiroApi/pedido/3 HTTP/1.1" 200 766
192.168.2.48 - - [19/Nov/2016:11:57:44 -0200] "GET /GaveteiroApi/pedido/3 HTTP/1.1" 200 766
192.168.2.48 - - [19/Nov/2016:11:57:48 -0200] "GET /GaveteiroApi/pedido/4 HTTP/1.1" 200 541
192.168.2.48 - - [19/Nov/2016:11:57:50 -0200] "GET /GaveteiroApi/pedido/3 HTTP/1.1" 200 766
192.168.2.48 - - [19/Nov/2016:11:57:56 -0200] "GET /GaveteiroApi/pedido/4 HTTP/1.1" 200 541
192.168.2.48 - - [19/Nov/2016:12:03:55 -0200] "POST /GaveteiroApi/login HTTP/1.1" 200 513
192.168.2.48 - - [19/Nov/2016:12:03:55 -0200] "GET /GaveteiroApi/empresa/1/pedido?ultimo=true HTTP/1.1" 200 543
192.168.2.48 - - [19/Nov/2016:12:03:58 -0200] "GET /GaveteiroApi/pedido/4 HTTP/1.1" 200 541
192.168.2.48 - - [19/Nov/2016:12:04:26 -0200] "GET /GaveteiroApi/pedido/4 HTTP/1.1" 200 541
192.168.2.48 - - [19/Nov/2016:12:50:47 -0200] "POST /GaveteiroApi/login HTTP/1.1" 200 513
192.168.2.48 - - [19/Nov/2016:12:50:48 -0200] "GET /GaveteiroApi/empresa/1/pedido?ultimo=true HTTP/1.1" 200 543
192.168.2.48 - - [19/Nov/2016:12:50:49 -0200] "GET /GaveteiroApi/empresa/1/pedido HTTP/1.1" 200 1298
192.168.2.48 - - [19/Nov/2016:12:50:50 -0200] "GET /GaveteiroApi/pedido/3 HTTP/1.1" 200 766
192.168.2.48 - - [19/Nov/2016:13:08:42 -0200] "POST /GaveteiroApi/login HTTP/1.1" 200 513
192.168.2.48 - - [19/Nov/2016:13:08:43 -0200] "GET /GaveteiroApi/empresa/1/pedido?ultimo=true HTTP/1.1" 200 543
192.168.2.48 - - [19/Nov/2016:13:08:46 -0200] "GET /GaveteiroApi/pedido/4 HTTP/1.1" 200 541
192.168.2.48 - - [19/Nov/2016:13:09:13 -0200] "GET /GaveteiroApi/empresa/1/pedido HTTP/1.1" 200 1298
192.168.2.48 - - [19/Nov/2016:13:09:21 -0200] "GET /GaveteiroApi/empresa/1/pedido HTTP/1.1" 200 1298
192.168.2.48 - - [19/Nov/2016:13:11:18 -0200] "GET /GaveteiroApi/empresa/1/pedido HTTP/1.1" 200 1298
192.168.2.48 - - [19/Nov/2016:13:12:29 -0200] "POST /GaveteiroApi/login HTTP/1.1" 200 513
192.168.2.48 - - [19/Nov/2016:13:12:30 -0200] "GET /GaveteiroApi/empresa/1/pedido?ultimo=true HTTP/1.1" 200 543
192.168.2.48 - - [19/Nov/2016:13:12:31 -0200] "GET /GaveteiroApi/empresa/1/pedido HTTP/1.1" 200 1298
192.168.2.48 - - [19/Nov/2016:13:13:01 -0200] "GET /GaveteiroApi/empresa/1/pedido HTTP/1.1" 200 1298
192.168.2.48 - - [19/Nov/2016:13:13:16 -0200] "GET /GaveteiroApi/empresa/1/pedido HTTP/1.1" 200 1298
192.168.2.48 - - [19/Nov/2016:13:13:21 -0200] "GET /GaveteiroApi/pedido/4 HTTP/1.1" 200 541
192.168.2.48 - - [19/Nov/2016:13:13:32 -0200] "GET /GaveteiroApi/pedido/4 HTTP/1.1" 200 541
192.168.2.48 - - [19/Nov/2016:13:14:35 -0200] "POST /GaveteiroApi/login HTTP/1.1" 200 513
192.168.2.48 - - [19/Nov/2016:13:14:36 -0200] "GET /GaveteiroApi/empresa/1/pedido?ultimo=true HTTP/1.1" 200 543
192.168.2.48 - - [19/Nov/2016:13:14:37 -0200] "GET /GaveteiroApi/empresa/1/pedido HTTP/1.1" 200 1298
192.168.2.48 - - [19/Nov/2016:13:14:38 -0200] "GET /GaveteiroApi/pedido/4 HTTP/1.1" 200 541
192.168.2.48 - - [19/Nov/2016:13:18:17 -0200] "GET /GaveteiroApi/pedido/4 HTTP/1.1" 200 541
192.168.2.48 - - [19/Nov/2016:13:18:25 -0200] "GET /GaveteiroApi/empresa/1/pedido HTTP/1.1" 200 1298
192.168.2.48 - - [19/Nov/2016:13:18:26 -0200] "GET /GaveteiroApi/pedido/3 HTTP/1.1" 200 766
192.168.2.48 - - [19/Nov/2016:13:19:42 -0200] "GET /GaveteiroApi/pedido/3 HTTP/1.1" 200 766
192.168.2.48 - - [19/Nov/2016:13:20:37 -0200] "GET /GaveteiroApi/pedido/3 HTTP/1.1" 200 766
192.168.2.72 - - [19/Nov/2016:13:22:02 -0200] "POST /GaveteiroApi/login HTTP/1.1" 415 1091
192.168.2.48 - - [19/Nov/2016:13:26:05 -0200] "POST /GaveteiroApi/login HTTP/1.1" 200 513
192.168.2.48 - - [19/Nov/2016:13:26:05 -0200] "GET /GaveteiroApi/empresa/1/pedido?ultimo=true HTTP/1.1" 200 543
192.168.2.48 - - [19/Nov/2016:13:26:11 -0200] "GET /GaveteiroApi/empresa/1/pedido HTTP/1.1" 200 1298
192.168.2.48 - - [19/Nov/2016:13:26:12 -0200] "GET /GaveteiroApi/pedido/3 HTTP/1.1" 200 766
192.168.2.72 - - [19/Nov/2016:13:27:21 -0200] "POST /GaveteiroApi/login HTTP/1.1" 415 1091
192.168.2.48 - - [19/Nov/2016:13:28:53 -0200] "POST /GaveteiroApi/login HTTP/1.1" 200 513
192.168.2.48 - - [19/Nov/2016:13:28:54 -0200] "GET /GaveteiroApi/empresa/1/pedido?ultimo=true HTTP/1.1" 200 543
192.168.2.48 - - [19/Nov/2016:13:28:55 -0200] "GET /GaveteiroApi/pedido/4 HTTP/1.1" 200 541
127.0.0.1 - - [19/Nov/2016:13:34:52 -0200] "GET / HTTP/1.1" 404 994
192.168.2.72 - - [19/Nov/2016:13:35:17 -0200] "POST /GaveteiroApi/login HTTP/1.1" 415 1091
192.168.2.72 - - [19/Nov/2016:13:40:22 -0200] "POST /GaveteiroApi/login HTTP/1.1" 415 1091
192.168.2.72 - - [19/Nov/2016:13:41:07 -0200] "POST /GaveteiroApi/login HTTP/1.1" 415 1091
127.0.0.1 - - [19/Nov/2016:13:44:11 -0200] "GET / HTTP/1.1" 404 994
192.168.2.72 - - [19/Nov/2016:13:44:24 -0200] "POST /GaveteiroApi/login HTTP/1.1" 415 1091
192.168.2.72 - - [19/Nov/2016:13:44:37 -0200] "GET /GaveteiroApi/login HTTP/1.1" 405 1088
192.168.2.72 - - [19/Nov/2016:13:44:37 -0200] "GET /favicon.ico HTTP/1.1" 404 1016
192.168.2.72 - - [19/Nov/2016:13:45:25 -0200] "GET /GaveteiroApi/login HTTP/1.1" 405 1088
192.168.2.72 - - [19/Nov/2016:13:45:25 -0200] "GET /GaveteiroApi/login HTTP/1.1" 405 1088
192.168.2.72 - - [19/Nov/2016:13:45:37 -0200] "GET /GaveteiroApi/login HTTP/1.1" 405 1088
127.0.0.1 - - [19/Nov/2016:13:49:13 -0200] "GET / HTTP/1.1" 404 994
192.168.2.72 - - [19/Nov/2016:13:50:00 -0200] "POST /GaveteiroApi/login HTTP/1.1" 415 1091
127.0.0.1 - - [19/Nov/2016:13:53:03 -0200] "GET / HTTP/1.1" 404 994
192.168.2.72 - - [19/Nov/2016:13:53:25 -0200] "POST /GaveteiroApi/login HTTP/1.1" 415 1091
127.0.0.1 - - [19/Nov/2016:13:55:29 -0200] "GET / HTTP/1.1" 404 994
192.168.2.72 - - [19/Nov/2016:13:56:01 -0200] "POST /GaveteiroApi/login HTTP/1.1" 415 1091
127.0.0.1 - - [19/Nov/2016:13:58:08 -0200] "GET / HTTP/1.1" 404 994
192.168.2.72 - - [19/Nov/2016:14:01:19 -0200] "POST /GaveteiroApi/login HTTP/1.1" 415 1091
127.0.0.1 - - [19/Nov/2016:14:02:21 -0200] "GET / HTTP/1.1" 404 994
192.168.2.72 - - [19/Nov/2016:14:02:35 -0200] "POST /GaveteiroApi/login HTTP/1.1" 415 1091
192.168.2.72 - - [19/Nov/2016:14:05:54 -0200] "OPTIONS /GaveteiroApi/login HTTP/1.1" 500 3521
127.0.0.1 - - [19/Nov/2016:14:10:16 -0200] "GET / HTTP/1.1" 404 994
192.168.2.72 - - [19/Nov/2016:14:10:35 -0200] "OPTIONS /GaveteiroApi/login HTTP/1.1" 500 3521
127.0.0.1 - - [19/Nov/2016:14:13:52 -0200] "GET / HTTP/1.1" 404 994
192.168.2.72 - - [19/Nov/2016:14:14:31 -0200] "OPTIONS /GaveteiroApi/login HTTP/1.1" 500 3521
192.168.2.48 - - [19/Nov/2016:14:18:39 -0200] "POST /GaveteiroApi/login HTTP/1.1" 200 513
192.168.2.48 - - [19/Nov/2016:14:18:39 -0200] "GET /GaveteiroApi/empresa/1/pedido?ultimo=true HTTP/1.1" 200 543
192.168.2.48 - - [19/Nov/2016:14:18:41 -0200] "GET /GaveteiroApi/pedido/4 HTTP/1.1" 200 541
127.0.0.1 - - [19/Nov/2016:14:18:59 -0200] "GET / HTTP/1.1" 404 994
192.168.2.72 - - [19/Nov/2016:14:21:06 -0200] "OPTIONS /GaveteiroApi/login HTTP/1.1" 500 3521
192.168.2.48 - - [19/Nov/2016:14:21:21 -0200] "POST /GaveteiroApi/login HTTP/1.1" 200 513
192.168.2.48 - - [19/Nov/2016:14:21:21 -0200] "GET /GaveteiroApi/empresa/1/pedido?ultimo=true HTTP/1.1" 200 543
192.168.2.48 - - [19/Nov/2016:14:21:22 -0200] "GET /GaveteiroApi/pedido/4 HTTP/1.1" 200 541
127.0.0.1 - - [19/Nov/2016:14:23:26 -0200] "GET / HTTP/1.1" 404 994
192.168.2.72 - - [19/Nov/2016:14:23:45 -0200] "OPTIONS /GaveteiroApi/login HTTP/1.1" 500 3521
192.168.2.48 - - [19/Nov/2016:14:23:55 -0200] "GET /GaveteiroApi/pedido/4 HTTP/1.1" 200 541
192.168.2.48 - - [19/Nov/2016:14:24:52 -0200] "GET /GaveteiroApi/pedido/4 HTTP/1.1" 200 541
192.168.2.48 - - [19/Nov/2016:14:25:04 -0200] "GET /GaveteiroApi/empresa/1/pedido HTTP/1.1" 200 1298
192.168.2.48 - - [19/Nov/2016:14:25:06 -0200] "GET /GaveteiroApi/pedido/3 HTTP/1.1" 200 766
192.168.2.48 - - [19/Nov/2016:14:25:19 -0200] "GET /GaveteiroApi/pedido/4 HTTP/1.1" 200 541
192.168.2.48 - - [19/Nov/2016:14:25:23 -0200] "GET /GaveteiroApi/pedido/3 HTTP/1.1" 200 766
192.168.2.48 - - [19/Nov/2016:14:27:15 -0200] "GET /GaveteiroApi/pedido/3 HTTP/1.1" 200 766
192.168.2.48 - - [19/Nov/2016:14:27:46 -0200] "GET /GaveteiroApi/pedido/3 HTTP/1.1" 200 766
192.168.2.48 - - [19/Nov/2016:14:28:27 -0200] "GET /GaveteiroApi/pedido/3 HTTP/1.1" 200 766
127.0.0.1 - - [19/Nov/2016:14:29:13 -0200] "GET / HTTP/1.1" 404 994
192.168.2.48 - - [19/Nov/2016:14:29:26 -0200] "GET /GaveteiroApi/pedido/3 HTTP/1.1" 200 766
192.168.2.48 - - [19/Nov/2016:14:30:43 -0200] "GET /GaveteiroApi/pedido/3 HTTP/1.1" 200 766
192.168.2.72 - - [19/Nov/2016:14:30:44 -0200] "OPTIONS /GaveteiroApi/login HTTP/1.1" 500 3521
127.0.0.1 - - [19/Nov/2016:14:33:08 -0200] "GET / HTTP/1.1" 404 994
192.168.2.72 - - [19/Nov/2016:14:33:24 -0200] "OPTIONS /GaveteiroApi/login HTTP/1.1" 500 3389
0:0:0:0:0:0:0:1 - - [19/Nov/2016:14:34:44 -0200] "POST /GaveteiroApi/login HTTP/1.1" 200 515
127.0.0.1 - - [19/Nov/2016:14:35:19 -0200] "GET / HTTP/1.1" 404 994
192.168.2.72 - - [19/Nov/2016:14:35:32 -0200] "OPTIONS /GaveteiroApi/login HTTP/1.1" 500 3389
127.0.0.1 - - [19/Nov/2016:14:53:28 -0200] "GET / HTTP/1.1" 404 994
192.168.2.72 - - [19/Nov/2016:14:54:01 -0200] "OPTIONS /GaveteiroApi/login HTTP/1.1" 500 3389
192.168.2.72 - - [19/Nov/2016:14:54:33 -0200] "OPTIONS /GaveteiroApi/login HTTP/1.1" 500 3389
192.168.2.72 - - [19/Nov/2016:14:54:42 -0200] "GET /GaveteiroApi/login HTTP/1.1" 405 1088
192.168.2.72 - - [19/Nov/2016:14:54:49 -0200] "GET /GaveteiroApi/login HTTP/1.1" 405 1088
192.168.2.72 - - [19/Nov/2016:14:55:06 -0200] "GET /GaveteiroApi/login HTTP/1.1" 405 1088
192.168.2.72 - - [19/Nov/2016:15:01:02 -0200] "OPTIONS /GaveteiroApi/login HTTP/1.1" 500 3389
192.168.2.72 - - [19/Nov/2016:15:04:19 -0200] "OPTIONS /GaveteiroApi/login HTTP/1.1" 500 3389
192.168.2.48 - - [19/Nov/2016:15:05:14 -0200] "POST /GaveteiroApi/login HTTP/1.1" 200 513
192.168.2.48 - - [19/Nov/2016:15:05:14 -0200] "GET /GaveteiroApi/empresa/1/pedido?ultimo=true HTTP/1.1" 200 543
192.168.2.48 - - [19/Nov/2016:15:05:22 -0200] "POST /GaveteiroApi/senha/recuperar HTTP/1.1" 400 -
192.168.2.48 - - [19/Nov/2016:15:05:46 -0200] "POST /GaveteiroApi/senha/recuperar HTTP/1.1" 200 14
192.168.2.48 - - [19/Nov/2016:15:05:58 -0200] "POST /GaveteiroApi/senha/recuperar HTTP/1.1" 200 14
127.0.0.1 - - [19/Nov/2016:15:09:46 -0200] "GET / HTTP/1.1" 404 994
192.168.2.72 - - [19/Nov/2016:15:10:00 -0200] "OPTIONS /GaveteiroApi/login HTTP/1.1" 500 3389
192.168.2.72 - - [19/Nov/2016:15:12:51 -0200] "OPTIONS /GaveteiroApi/login HTTP/1.1" 500 3389
192.168.2.72 - - [19/Nov/2016:15:13:55 -0200] "OPTIONS /GaveteiroApi/login HTTP/1.1" 500 3389
192.168.2.48 - - [19/Nov/2016:15:21:09 -0200] "POST /GaveteiroApi/senha/recuperar HTTP/1.1" 200 14
192.168.2.72 - - [19/Nov/2016:15:21:31 -0200] "OPTIONS /GaveteiroApi/login HTTP/1.1" 500 3389
192.168.2.48 - - [19/Nov/2016:15:22:35 -0200] "POST /GaveteiroApi/login HTTP/1.1" 200 513
192.168.2.48 - - [19/Nov/2016:15:22:36 -0200] "GET /GaveteiroApi/empresa/1/pedido?ultimo=true HTTP/1.1" 200 543
192.168.2.72 - - [19/Nov/2016:15:24:43 -0200] "OPTIONS /GaveteiroApi/login HTTP/1.1" 500 3389
192.168.2.48 - - [19/Nov/2016:15:26:11 -0200] "GET /GaveteiroApi/empresa/1/pedido HTTP/1.1" 200 1298
192.168.2.48 - - [19/Nov/2016:15:26:13 -0200] "GET /GaveteiroApi/pedido/3 HTTP/1.1" 200 766
192.168.2.72 - - [19/Nov/2016:15:26:32 -0200] "OPTIONS /GaveteiroApi/login HTTP/1.1" 500 3389
192.168.2.72 - - [19/Nov/2016:15:30:21 -0200] "OPTIONS /GaveteiroApi/login HTTP/1.1" 500 3389
0:0:0:0:0:0:0:1 - - [19/Nov/2016:15:37:59 -0200] "POST /GaveteiroApi/login HTTP/1.1" 200 515
192.168.2.72 - - [19/Nov/2016:15:40:16 -0200] "OPTIONS /GaveteiroApi/login HTTP/1.1" 500 3389
192.168.2.72 - - [19/Nov/2016:15:44:45 -0200] "OPTIONS /GaveteiroApi/login HTTP/1.1" 500 3389
0:0:0:0:0:0:0:1 - - [19/Nov/2016:15:45:31 -0200] "POST /GaveteiroApi/login HTTP/1.1" 200 515
192.168.2.48 - - [19/Nov/2016:15:54:27 -0200] "POST /GaveteiroApi/login HTTP/1.1" 401 -
192.168.2.48 - - [19/Nov/2016:15:54:34 -0200] "POST /GaveteiroApi/login HTTP/1.1" 200 513
192.168.2.48 - - [19/Nov/2016:15:54:35 -0200] "GET /GaveteiroApi/empresa/1/pedido?ultimo=true HTTP/1.1" 200 543
192.168.2.48 - - [19/Nov/2016:15:54:41 -0200] "GET /GaveteiroApi/pedido/4 HTTP/1.1" 200 541
192.168.2.48 - - [19/Nov/2016:15:54:52 -0200] "GET /GaveteiroApi/empresa/1/pedido HTTP/1.1" 200 1298
192.168.2.48 - - [19/Nov/2016:15:54:54 -0200] "GET /GaveteiroApi/pedido/4 HTTP/1.1" 200 541
192.168.2.48 - - [19/Nov/2016:15:54:57 -0200] "GET /GaveteiroApi/pedido/3 HTTP/1.1" 200 766
192.168.2.48 - - [19/Nov/2016:15:55:01 -0200] "GET /GaveteiroApi/pedido/4 HTTP/1.1" 200 541
192.168.2.48 - - [19/Nov/2016:15:55:09 -0200] "GET /GaveteiroApi/pedido/4 HTTP/1.1" 200 541
192.168.2.48 - - [19/Nov/2016:15:55:18 -0200] "GET /GaveteiroApi/pedido/4 HTTP/1.1" 200 541
192.168.2.48 - - [19/Nov/2016:15:55:24 -0200] "GET /GaveteiroApi/pedido/4 HTTP/1.1" 200 541
192.168.2.48 - - [19/Nov/2016:15:55:40 -0200] "GET /GaveteiroApi/empresa/1/pedido HTTP/1.1" 200 1298
192.168.2.48 - - [19/Nov/2016:16:04:54 -0200] "POST /GaveteiroApi/login HTTP/1.1" 200 513
192.168.2.48 - - [19/Nov/2016:16:04:55 -0200] "GET /GaveteiroApi/empresa/1/pedido?ultimo=true HTTP/1.1" 200 543
192.168.2.48 - - [19/Nov/2016:16:05:09 -0200] "GET /GaveteiroApi/pedido/4 HTTP/1.1" 200 541
192.168.2.48 - - [19/Nov/2016:16:05:16 -0200] "GET /GaveteiroApi/empresa/1/pedido HTTP/1.1" 200 1298
192.168.2.48 - - [19/Nov/2016:16:05:18 -0200] "GET /GaveteiroApi/pedido/4 HTTP/1.1" 200 541
192.168.2.48 - - [19/Nov/2016:16:05:24 -0200] "GET /GaveteiroApi/pedido/3 HTTP/1.1" 200 766
192.168.2.48 - - [19/Nov/2016:16:05:47 -0200] "POST /GaveteiroApi/senha/recuperar HTTP/1.1" 200 14
127.0.0.1 - - [19/Nov/2016:16:10:33 -0200] "GET / HTTP/1.1" 404 994
0:0:0:0:0:0:0:1 - - [19/Nov/2016:16:17:00 -0200] "PUT /GaveteiroApi/pedido/4 HTTP/1.1" 405 1088
0:0:0:0:0:0:0:1 - - [19/Nov/2016:16:17:21 -0200] "PUT /GaveteiroApi/pedido/status/4 HTTP/1.1" 500 -
127.0.0.1 - - [19/Nov/2016:16:20:53 -0200] "GET / HTTP/1.1" 404 994
0:0:0:0:0:0:0:1 - - [19/Nov/2016:16:21:02 -0200] "PUT /GaveteiroApi/pedido/status/4 HTTP/1.1" 500 -
0:0:0:0:0:0:0:1 - - [19/Nov/2016:16:22:10 -0200] "PUT /GaveteiroApi/pedido/status/4 HTTP/1.1" 500 -
0:0:0:0:0:0:0:1 - - [19/Nov/2016:16:24:29 -0200] "PUT /GaveteiroApi/pedido/status/4 HTTP/1.1" 500 -
127.0.0.1 - - [19/Nov/2016:16:28:30 -0200] "GET / HTTP/1.1" 404 994
0:0:0:0:0:0:0:1 - - [19/Nov/2016:16:28:33 -0200] "PUT /GaveteiroApi/pedido/status/4 HTTP/1.1" 500 -
192.168.2.72 - - [19/Nov/2016:17:03:04 -0200] "OPTIONS /GaveteiroApi/login HTTP/1.1" 500 3389
192.168.2.72 - - [19/Nov/2016:17:09:23 -0200] "OPTIONS /GaveteiroApi/login HTTP/1.1" 500 3389
192.168.2.72 - - [19/Nov/2016:17:10:07 -0200] "GET /GaveteiroApi/login HTTP/1.1" 405 1088
192.168.2.72 - - [19/Nov/2016:17:32:13 -0200] "OPTIONS /GaveteiroApi/login HTTP/1.1" 500 3389
127.0.0.1 - - [19/Nov/2016:17:33:04 -0200] "GET / HTTP/1.1" 404 994
192.168.2.72 - - [19/Nov/2016:17:33:09 -0200] "OPTIONS /GaveteiroApi/login HTTP/1.1" 500 3389
127.0.0.1 - - [19/Nov/2016:17:33:48 -0200] "GET / HTTP/1.1" 404 994
192.168.2.72 - - [19/Nov/2016:17:33:55 -0200] "OPTIONS /GaveteiroApi/login HTTP/1.1" 500 3389
192.168.2.72 - - [19/Nov/2016:17:34:31 -0200] "OPTIONS /GaveteiroApi/login HTTP/1.1" 500 3389
192.168.2.72 - - [19/Nov/2016:17:36:17 -0200] "OPTIONS /GaveteiroApi/login HTTP/1.1" 500 3389
192.168.2.72 - - [19/Nov/2016:17:37:25 -0200] "OPTIONS /GaveteiroApi/login HTTP/1.1" 200 -
192.168.2.72 - - [19/Nov/2016:17:37:25 -0200] "POST /GaveteiroApi/login HTTP/1.1" 400 1011
192.168.2.72 - - [19/Nov/2016:17:38:44 -0200] "POST /GaveteiroApi/login HTTP/1.1" 401 -
192.168.2.72 - - [19/Nov/2016:17:39:08 -0200] "POST /GaveteiroApi/login HTTP/1.1" 401 -
192.168.2.72 - - [19/Nov/2016:17:40:09 -0200] "POST /GaveteiroApi/login HTTP/1.1" 401 -
127.0.0.1 - - [19/Nov/2016:17:43:09 -0200] "GET / HTTP/1.1" 404 994
192.168.2.72 - - [19/Nov/2016:17:43:11 -0200] "POST /GaveteiroApi/login HTTP/1.1" 200 513
127.0.0.1 - - [19/Nov/2016:17:52:48 -0200] "GET / HTTP/1.1" 404 994
192.168.2.72 - - [19/Nov/2016:17:53:10 -0200] "OPTIONS /GaveteiroApi/login HTTP/1.1" 500 3389
